
> @zigvycorp/scratch-l10n@0.1.7 build
> yarn && yarn clean && yarn build:data && yarn build:data-lazy && webpack --progress --colors --bail

yarn install v1.22.22
warning package-lock.json found. Your project contains lock files generated by tools other than Yarn. It is advised not to mix package managers in order to avoid resolution inconsistencies caused by unsynchronized lock files. To clear this warning, remove package-lock.json.
[1/4] Resolving packages...
[2/4] Fetching packages...
[3/4] Linking dependencies...
[4/4] Building fresh packages...
Done in 1.32s.
yarn run v1.22.22
$ rimraf ./dist ./locales && mkdirp dist locales
Done in 0.13s.
yarn run v1.22.22
$ babel-node scripts/build-data
Browserslist: caniuse-lite is outdated. Please run:
  npx browserslist@latest --update-db
  Why you should do it regularly: https://github.com/browserslist/browserslist#browsers-data-updating
Done in 0.85s.
yarn run v1.22.22
$ babel-node scripts/build-data-lazy
Browserslist: caniuse-lite is outdated. Please run:
  npx browserslist@latest --update-db
  Why you should do it regularly: https://github.com/browserslist/browserslist#browsers-data-updating
Generated locale files for 74 languages
Available locales: en, es, fr, zh-cn, pl, vi, pt, ja, de, zh-tw, ab, af, ar, am, an, az, id, bn, be, bg, ca, cs, cy, da, et, el, es-419, eu, fa, fy, ga, gd, gl, ko, hy, he, hr, xh, zu, is, it, ka, kk, qu, sw, ht, ku, ckb, lv, lt, hu, mi, mn, nl, ja-Hira, nb, nn, or, uz, th, km, pt-br, rap, ro, ru, nso, tn, sk, sl, sr, fi, sv, tr, uk
Done in 0.63s.
<s> [webpack.Progress] 0% compiling
<s> [webpack.Progress] 10% building 0/0 modules 0 active 
<s> [webpack.Progress] 10% building 0/0 modules 0 active 
<s> [webpack.Progress] 10% building 0/0 modules 0 active 
<s> [webpack.Progress] 10% building 0/1 modules 1 active /home/binyu/dev/scratch-workspace/scratch-l10n/node_modules/babel-loader/lib/index.js??ref--4!/home/binyu/dev/scratch-workspace/scratch-l10n/src/index.js
<s> [webpack.Progress] 10% building 0/2 modules 2 active /home/binyu/dev/scratch-workspace/scratch-l10n/node_modules/babel-loader/lib/index.js??ref--4!/home/binyu/dev/scratch-workspace/scratch-l10n/src/supported-locales.js
<s> [webpack.Progress] 10% building 0/3 modules 3 active /home/binyu/dev/scratch-workspace/scratch-l10n/node_modules/babel-loader/lib/index.js??ref--4!/home/binyu/dev/scratch-workspace/scratch-l10n/src/locale-data.js
Browserslist: caniuse-lite is outdated. Please run:
  npx browserslist@latest --update-db
  Why you should do it regularly: https://github.com/browserslist/browserslist#browsers-data-updating
node:internal/crypto/hash:79
  this[kHandle] = new _Hash(algorithm, xofLen, algorithmId, getHashCache());
                  ^

Error: error:0308010C:digital envelope routines::unsupported
    at new Hash (node:internal/crypto/hash:79:19)
    at Object.createHash (node:crypto:139:10)
    at module.exports (/home/binyu/dev/scratch-workspace/scratch-l10n/node_modules/webpack/lib/util/createHash.js:135:53)
    at NormalModule._initBuildHash (/home/binyu/dev/scratch-workspace/scratch-l10n/node_modules/webpack/lib/NormalModule.js:417:16)
    at handleParseError (/home/binyu/dev/scratch-workspace/scratch-l10n/node_modules/webpack/lib/NormalModule.js:471:10)
    at /home/binyu/dev/scratch-workspace/scratch-l10n/node_modules/webpack/lib/NormalModule.js:503:5
    at /home/binyu/dev/scratch-workspace/scratch-l10n/node_modules/webpack/lib/NormalModule.js:358:12
    at /home/binyu/dev/scratch-workspace/scratch-l10n/node_modules/loader-runner/lib/LoaderRunner.js:373:3
    at iterateNormalLoaders (/home/binyu/dev/scratch-workspace/scratch-l10n/node_modules/loader-runner/lib/LoaderRunner.js:214:10)
    at iterateNormalLoaders (/home/binyu/dev/scratch-workspace/scratch-l10n/node_modules/loader-runner/lib/LoaderRunner.js:221:10)
    at /home/binyu/dev/scratch-workspace/scratch-l10n/node_modules/loader-runner/lib/LoaderRunner.js:236:3
    at context.callback (/home/binyu/dev/scratch-workspace/scratch-l10n/node_modules/loader-runner/lib/LoaderRunner.js:111:13)
    at /home/binyu/dev/scratch-workspace/scratch-l10n/node_modules/babel-loader/lib/index.js:51:71
    at process.processTicksAndRejections (node:internal/process/task_queues:105:5) {
  opensslErrorStack: [
    'error:03000086:digital envelope routines::initialization error',
    'error:0308010C:digital envelope routines::unsupported'
  ],
  library: 'digital envelope routines',
  reason: 'unsupported',
  code: 'ERR_OSSL_EVP_UNSUPPORTED'
}

Node.js v22.17.1
